[2026-06-02 16:58:59] Alerta 24h → luis.mosqueraccucue@cun.edu.co | QUIZ 1
[2026-06-02 16:59:02] ✓ OK (24h) id_tarea=21
[2026-06-02 16:59:02] ── Fin: 1 correo(s) 24h · 0 correo(s) 1h enviados ──
[2026-06-02 17:00:42] Alerta 24h → luis.mosqueraccucue@cun.edu.co | PARCIAL 1 aaa
[2026-06-02 17:00:45] ✓ OK (24h) id_tarea=23
[2026-06-02 17:00:45] ── Fin: 1 correo(s) 24h · 0 correo(s) 1h enviados ──
[2026-06-02 17:19:29] Alerta 24h → luis.mosqueraccucue@cun.edu.co | QUIZ 1
[2026-06-02 17:19:32] ✓ OK (24h) id_tarea=24
[2026-06-02 17:19:32] ── Fin: 1 correo(s) 24h · 0 correo(s) 1h enviados ──
[2026-06-02 17:21:18] Alerta 24h → luis.mosqueraccucue@cun.edu.co | PARCIAL 1 vcun
[2026-06-02 17:21:20] ✓ OK (24h) id_tarea=25
[2026-06-02 17:21:20] ── Fin: 1 correo(s) 24h · 0 correo(s) 1h enviados ──
[2026-06-02 18:12:54] ── Fin: 0 correo(s) 24h · 0 correo(s) 1h enviados ──
[2026-06-02 19:12:54] ── Fin: 0 correo(s) 24h · 0 correo(s) 1h enviados ──
[2026-06-02 20:12:56] ── Fin: 0 correo(s) 24h · 0 correo(s) 1h enviados ──
[2026-06-02 21:12:54] ── Fin: 0 correo(s) 24h · 0 correo(s) 1h enviados ──
[2026-06-02 22:06:36] ── Fin: 0 correo(s) 24h · 0 correo(s) 1h enviados ──
[2026-06-02 22:12:55] ── Fin: 0 correo(s) 24h · 0 correo(s) 1h enviados ──
[2026-06-02 23:12:55] ── Fin: 0 correo(s) 24h · 0 correo(s) 1h enviados ──
[2026-06-03 00:12:57] ── Fin: 0 correo(s) 24h · 0 correo(s) 1h enviados ──
[2026-06-03 17:12:56] Alerta 24h → luis.mosqueraccucue@cun.edu.co | PARCIAL 1 aaa
[2026-06-03 17:12:59] ✓ OK (24h) id_tarea=26
[2026-06-03 17:12:59] ── Fin: 1 correo(s) 24h · 0 correo(s) 1h enviados ──
[2026-06-03 18:12:56] ── Fin: 0 correo(s) 24h · 0 correo(s) 1h enviados ──
[2026-06-03 19:12:55] ── Fin: 0 correo(s) 24h · 0 correo(s) 1h enviados ──
[2026-06-03 20:12:56] ── Fin: 0 correo(s) 24h · 0 correo(s) 1h enviados ──
[2026-06-03 21:12:57] ── Fin: 0 correo(s) 24h · 0 correo(s) 1h enviados ──
[2026-06-03 22:12:55] ── Fin: 0 correo(s) 24h · 0 correo(s) 1h enviados ──
[2026-06-03 23:12:55] ── Fin: 0 correo(s) 24h · 0 correo(s) 1h enviados ──
[2026-06-09 18:12:57] ── Fin: 0 correo(s) 24h · 0 correo(s) 1h enviados ──
